// Jest Snapshot v1, https://goo.gl/fbAQLP

exports[`<Log /> renders correctly 1`] = `
<div>
  <h2>
    Seizure List
  </h2>
  <div
    className="single-event"
  >
    January 1, 1970
     | 
     | 
     | 
    <br />
    Triggers: 
     
    <br />
    Medication: 
     
    <br />
    Notes: 
  </div>
  <div
    className="single-event"
  >
    January 1, 1970
     | 
     | 
     | 
    <br />
    Triggers: 
     
    <br />
    Medication: 
     
    <br />
    Notes: 
  </div>
</div>
`;
