// Jest Snapshot v1, https://goo.gl/fbAQLP

exports[`<NewEvent /> renders correctly 1`] = `
<div>
  <h2>
    Add New Event
  </h2>
  <form
    onSubmit={[Function]}
  >
    <div
      className="inline-block"
    >
      <input
        placeholder="Date"
        type="date"
      />
      <br />
      <input
        placeholder="Time"
        type="text"
      />
      <br />
      <select
        name="type"
      >
        <option
          disabled={true}
          selected={true}
          value=""
        >
          Seizure Type
        </option>
        <option
          value="Aura"
        >
          Aura
        </option>
        <option
          value="Absence"
        >
          Absence
        </option>
        <option
          value="Atonic-"
        >
          Atonic
        </option>
        <option
          value="Clonic"
        >
          Clonic
        </option>
        <option
          value="Myoclonic"
        >
          Myoclonic
        </option>
        <option
          value="Tonic"
        >
          Tonic
        </option>
        <option
          value="Tonic-clonic"
        >
          Tonic-Clonic
        </option>
      </select>
      <br />
      <input
        placeholder="Triggers"
        type="text"
      />
      <br />
    </div>
    <div
      className="inline-block"
    >
      <input
        placeholder="Location"
        type="text"
      />
      <br />
      <input
        placeholder="Current Medication"
        type="text"
      />
      <br />
      <input
        placeholder="Notes"
        type="text"
      />
      <br />
      <button
        className="button"
      >
        Save
      </button>
    </div>
  </form>
  <div
    className="alert"
  />
</div>
`;
